✔ an unvouched, labeled fork PR releases both required workflows (3.540227ms)
✔ waits for the label-triggered build instead of stopping at the old build (1.637814ms)
✔ approves only the two known workflows for this fork, branch, PR and SHA (0.906437ms)
✔ accepts a run explicitly associated with this PR (1.460426ms)
✔ does not restart running or completed workflows (0.452655ms)
✔ an obsolete build hold cannot cancel a newer build that was already released (1.007128ms)
✔ vouch status denounced fails closed (0.891661ms)
✔ vouch status  fails closed (0.250756ms)
✔ vouch status undefined fails closed (0.287171ms)
✔ vouch status unexpected fails closed (0.420537ms)
✔ a labeled bot can also clear GitHub's approval gate (0.431555ms)
✔ a labeled collaborator can also clear GitHub's approval gate (0.360308ms)
✔ a labeled vouched can also clear GitHub's approval gate (0.330413ms)
✔ removed label stops approval, including changes immediately before a write (0.433093ms)
✔ changed head stops approval, including changes immediately before a write (0.339265ms)
✔ closed PR stops approval, including changes immediately before a write (0.351439ms)
✔ revocation between approvals prevents releasing further workflows (0.412106ms)
✔ a delayed tests workflow is also awaited (0.558142ms)
✔ reopening a labeled PR waits for its new tests, even if old tests passed at the same SHA (0.62962ms)
✔ missing current runs time out without approving stale builds (0.762233ms)
✔ API failure is reported rather than silently treated as approval (0.414729ms)
✔ the build reads the live label rather than its pre-label event payload (0.486458ms)
✔ the build gate permits a missing vouch only with approval, never a denouncement or lookup failure (28.226643ms)
✔ an unvouched PR waits without publishing a passing or failing required result (10.497682ms)
✔ applying build-approved transitions the waiting PR to the required build result (10.045912ms)
✔ trusted tooling-only PRs still satisfy the required result without a package build (3.252385ms)
✔ denounced author fails the required result instead of masquerading as pending approval (3.369413ms)
✔ failed trust lookup fails the required result instead of masquerading as pending approval (3.156021ms)
✔ missing trust result fails the required result instead of masquerading as pending approval (3.193338ms)
✔ missing gate output fails the required result instead of masquerading as pending approval (3.138486ms)
✔ failed planning fails the required result instead of masquerading as pending approval (3.191781ms)
✔ cancelled planning fails the required result instead of masquerading as pending approval (3.655799ms)
✔ empty PR fails the required result instead of masquerading as pending approval (3.687665ms)
✔ cancelled build fails the required result instead of masquerading as pending approval (3.422593ms)
ℹ tests 34
ℹ suites 0
ℹ pass 34
ℹ fail 0
ℹ cancelled 0
ℹ skipped 0
ℹ todo 0
ℹ duration_ms 211.829677
