✔ an unvouched, labeled fork PR releases both required workflows (5.63041ms)
✔ waits for the label-triggered build instead of stopping at the old build (2.11043ms)
✔ approves only the two known workflows for this fork, branch, PR and SHA (1.00552ms)
✔ accepts a run explicitly associated with this PR (1.805909ms)
✔ does not restart running or completed workflows (0.486037ms)
✔ an obsolete build hold cannot cancel a newer build that was already released (1.151513ms)
✔ vouch status denounced fails closed (1.089546ms)
✔ vouch status  fails closed (0.315066ms)
✔ vouch status undefined fails closed (0.318497ms)
✔ vouch status unexpected fails closed (0.428569ms)
✔ a labeled bot can also clear GitHub's approval gate (0.573629ms)
✔ a labeled collaborator can also clear GitHub's approval gate (0.436198ms)
✔ a labeled vouched can also clear GitHub's approval gate (0.380078ms)
✔ removed label stops approval, including changes immediately before a write (0.583791ms)
✔ changed head stops approval, including changes immediately before a write (0.389727ms)
✔ closed PR stops approval, including changes immediately before a write (0.389416ms)
✔ revocation between approvals prevents releasing further workflows (0.444913ms)
✔ a delayed tests workflow is also awaited (0.655029ms)
✔ reopening a labeled PR waits for its new tests, even if old tests passed at the same SHA (0.74736ms)
✔ missing current runs time out without approving stale builds (0.769075ms)
✔ API failure is reported rather than silently treated as approval (0.531044ms)
✔ the build reads the live label rather than its pre-label event payload (0.54626ms)
✔ the build gate permits a missing vouch only with approval, never a denouncement or lookup failure (33.805807ms)
✔ an unvouched PR waits without publishing a passing or failing required result (4.836868ms)
✔ applying build-approved transitions the waiting PR to the required build result (11.246483ms)
✔ trusted tooling-only PRs still satisfy the required result without a package build (3.687881ms)
✔ denounced author fails the required result instead of masquerading as pending approval (3.896051ms)
✔ failed trust lookup fails the required result instead of masquerading as pending approval (3.941376ms)
✔ missing trust result fails the required result instead of masquerading as pending approval (3.775388ms)
✔ missing gate output fails the required result instead of masquerading as pending approval (3.856415ms)
✔ failed planning fails the required result instead of masquerading as pending approval (3.897011ms)
✔ cancelled planning fails the required result instead of masquerading as pending approval (4.496531ms)
✔ empty PR fails the required result instead of masquerading as pending approval (4.282571ms)
✔ cancelled build fails the required result instead of masquerading as pending approval (4.241278ms)
ℹ tests 34
ℹ suites 0
ℹ pass 34
ℹ fail 0
ℹ cancelled 0
ℹ skipped 0
ℹ todo 0
ℹ duration_ms 245.430518
