✔ an unvouched, labeled fork PR releases both required workflows (6.512209ms)
✔ waits for the label-triggered build instead of stopping at the old build (1.344894ms)
✔ approves only the two known workflows for this fork, branch, PR and SHA (0.56692ms)
✔ accepts a run explicitly associated with this PR (0.448046ms)
✔ does not restart running or completed workflows (0.294112ms)
✔ an obsolete build hold cannot cancel a newer build that was already released (1.51443ms)
✔ vouch status denounced fails closed (0.725967ms)
✔ vouch status  fails closed (0.173261ms)
✔ vouch status undefined fails closed (0.180156ms)
✔ vouch status unexpected fails closed (0.30032ms)
✔ a labeled bot can also clear GitHub's approval gate (0.301705ms)
✔ a labeled collaborator can also clear GitHub's approval gate (0.199819ms)
✔ a labeled vouched can also clear GitHub's approval gate (0.202819ms)
✔ removed label stops approval, including changes immediately before a write (0.276149ms)
✔ changed head stops approval, including changes immediately before a write (0.19379ms)
✔ closed PR stops approval, including changes immediately before a write (0.193722ms)
✔ revocation between approvals prevents releasing further workflows (0.221967ms)
✔ a delayed tests workflow is also awaited (0.374433ms)
✔ reopening a labeled PR waits for its new tests, even if old tests passed at the same SHA (0.454147ms)
✔ missing current runs time out without approving stale builds (0.333507ms)
✔ API failure is reported rather than silently treated as approval (0.348656ms)
✔ the build reads the live label rather than its pre-label event payload (0.364101ms)
✔ the build gate permits a missing vouch only with approval, never a denouncement or lookup failure (24.6634ms)
ℹ tests 23
ℹ suites 0
ℹ pass 23
ℹ fail 0
ℹ cancelled 0
ℹ skipped 0
ℹ todo 0
ℹ duration_ms 124.51775
