Detected MacBook with SPI keyboard
Building UKI for linux-omarchy (7.2.5-4-omarchy)
==> Using drop-in configuration file: 'macbook_spi_modules.conf'
==> Using drop-in configuration file: 'omarchy_hooks.conf'
==> Using drop-in configuration file: 'omarchy_resume.conf'
==> Using drop-in configuration file: 't1bridge.conf'
==> Using drop-in configuration file: 'thunderbolt_module.conf'
==> Starting build: '7.2.5-4-omarchy'
  -> Running build hook: [base]
  -> Running build hook: [udev]
  -> Running build hook: [plymouth]
  -> Running build hook: [keyboard]
==> WARNING: Possibly missing firmware for module: 'xhci_pci_renesas'
  -> Running build hook: [autodetect]
  -> Running build hook: [microcode]
  -> Running build hook: [modconf]
  -> Running build hook: [kms]
  -> Running build hook: [keymap]
  -> Running build hook: [consolefont]
  -> Running build hook: [block]
  -> Running build hook: [encrypt]
==> WARNING: Possibly missing firmware for module: 'qat_6xxx'
  -> Running build hook: [filesystems]
  -> Running build hook: [fsck]
  -> Running build hook: [btrfs-overlayfs]
  -> Running build hook: [resume]
==> Generating module dependencies
==> Creating zstd-compressed initcpio image
  -> Early uncompressed CPIO image generation successful
==> Initcpio image generation successful
==> Creating unified kernel image: '/tmp/limine-mkinitcpio.DDBmhL/linux-omarchy.efi'
==> Unified kernel image generation successful
Copied: /tmp/limine-mkinitcpio.DDBmhL/linux-omarchy.efi -> /boot/EFI/Linux/omarchy_linux-omarchy.efi
Updated: /boot/limine.conf
loading packages...
resolving dependencies...
looking for conflicting packages...

Package (1)                New Version  Net Change

macbook12-spi-driver-dkms  0+git.315-1    0.17 MiB

Total Installed Size:  0.17 MiB

:: Proceed with installation? [Y/n] 
checking keyring...
checking package integrity...
loading package files...
checking for file conflicts...
checking available disk space...
:: Running pre-transaction hooks...
(1/1) Waiting for limine-snapper-sync to finish...
:: Processing package changes...
installing macbook12-spi-driver-dkms...
:: Running post-transaction hooks...
(1/3) Arming ConditionNeedsUpdate...
(2/3) Install DKMS modules
==> dkms install --no-depmod macbook12-spi-driver/0+git.315 -k 7.2.5-4-omarchy
Deprecated feature: CLEAN (/usr/src/macbook12-spi-driver-0+git.315/dkms.conf)

Error! Bad return status for module build on kernel: 7.2.5-4-omarchy (x86_64)
Consult /var/lib/dkms/macbook12-spi-driver/0+git.315/build/make.log for more information.
==> WARNING: `dkms install --no-depmod macbook12-spi-driver/0+git.315 -k 7.2.5-4-omarchy' exited 10
(3/3) Updating linux initcpios...
Building UKI for linux-omarchy (7.2.5-4-omarchy)
==> Using drop-in configuration file: 'macbook_spi_modules.conf'
==> Using drop-in configuration file: 'omarchy_hooks.conf'
==> Using drop-in configuration file: 'omarchy_resume.conf'
==> Using drop-in configuration file: 't1bridge.conf'
==> Using drop-in configuration file: 'thunderbolt_module.conf'
==> Starting build: '7.2.5-4-omarchy'
  -> Running build hook: [base]
  -> Running build hook: [udev]
  -> Running build hook: [plymouth]
  -> Running build hook: [keyboard]
==> WARNING: Possibly missing firmware for module: 'xhci_pci_renesas'
  -> Running build hook: [autodetect]
  -> Running build hook: [microcode]
  -> Running build hook: [modconf]
  -> Running build hook: [kms]
  -> Running build hook: [keymap]
  -> Running build hook: [consolefont]
  -> Running build hook: [block]
  -> Running build hook: [encrypt]
==> WARNING: Possibly missing firmware for module: 'qat_6xxx'
  -> Running build hook: [filesystems]
  -> Running build hook: [fsck]
  -> Running build hook: [btrfs-overlayfs]
  -> Running build hook: [resume]
==> Generating module dependencies
==> Creating zstd-compressed initcpio image
  -> Early uncompressed CPIO image generation successful
==> Initcpio image generation successful
==> Creating unified kernel image: '/tmp/limine-mkinitcpio.EHDTUP/linux-omarchy.efi'
==> Unified kernel image generation successful
Updated: /boot/limine.conf
macbook12-spi-driver-dkms 0+git.315-1
Remove the obsolete MacBook SPI keyboard DKMS package
checking dependencies...

Package (1)                Old Version  Net Change

macbook12-spi-driver-dkms  0+git.315-1   -0.17 MiB

Total Removed Size:  0.17 MiB

:: Do you want to remove these packages? [Y/n] 
:: Running pre-transaction hooks...
(1/2) Waiting for limine-snapper-sync to finish...
(2/2) Remove DKMS modules
==> dkms remove macbook12-spi-driver/0+git.315
:: Processing package changes...
removing macbook12-spi-driver-dkms...
:: Running post-transaction hooks...
(1/2) Arming ConditionNeedsUpdate...
(2/2) Updating linux initcpios...
Building UKI for linux-omarchy (7.2.5-4-omarchy)
==> Using drop-in configuration file: 'macbook_spi_modules.conf'
==> Using drop-in configuration file: 'omarchy_hooks.conf'
==> Using drop-in configuration file: 'omarchy_resume.conf'
==> Using drop-in configuration file: 't1bridge.conf'
==> Using drop-in configuration file: 'thunderbolt_module.conf'
==> Starting build: '7.2.5-4-omarchy'
  -> Running build hook: [base]
  -> Running build hook: [udev]
  -> Running build hook: [plymouth]
  -> Running build hook: [keyboard]
==> WARNING: Possibly missing firmware for module: 'xhci_pci_renesas'
  -> Running build hook: [autodetect]
  -> Running build hook: [microcode]
  -> Running build hook: [modconf]
  -> Running build hook: [kms]
  -> Running build hook: [keymap]
  -> Running build hook: [consolefont]
  -> Running build hook: [block]
  -> Running build hook: [encrypt]
==> WARNING: Possibly missing firmware for module: 'qat_6xxx'
  -> Running build hook: [filesystems]
  -> Running build hook: [fsck]
  -> Running build hook: [btrfs-overlayfs]
  -> Running build hook: [resume]
==> Generating module dependencies
==> Creating zstd-compressed initcpio image
  -> Early uncompressed CPIO image generation successful
==> Initcpio image generation successful
==> Creating unified kernel image: '/tmp/limine-mkinitcpio.rw3SJw/linux-omarchy.efi'
==> Unified kernel image generation successful
Updated: /boot/limine.conf
error: package 'macbook12-spi-driver-dkms' was not found
Remove the obsolete MacBook SPI keyboard DKMS package
/lib/modules/7.2.5-4-omarchy/kernel/drivers/input/keyboard/applespi.ko.zst: OK
t1bridge-dkms/0.1.9, 7.2.5-4-omarchy, x86_64: installed (Original modules exist)
PASS: repeated real legacy SPI removal preserves native applespi and the five replacement packages. Physical T1 provisioning/handoff is not emulated.
