Detected MacBook with SPI keyboard
MODULES+=(applespi spi_pxa2xx_platform spi_pxa2xx_pci)
# MacBook8,1: DesignWare DMA never completes GSPI transfers.
KERNEL_CMDLINE[default]+=" initcall_blacklist=dw_pci_driver_init mem_sleep_default=s2idle"
warning: database file for 'core' does not exist (use '-Sy' to download)
warning: database file for 'extra' does not exist (use '-Sy' to download)
warning: database file for 'multilib' does not exist (use '-Sy' to download)
warning: database file for 'omarchy' does not exist (use '-Sy' to download)
error: package 'macbook12-spi-driver-dkms' was not found
filename:       /lib/modules/7.2.5-4-omarchy/kernel/drivers/input/keyboard/applespi.ko.zst
author:         Ronald Tschalär
author:         Federico Lorenzi
description:    MacBook(Pro) SPI Keyboard/Touchpad driver
license:        GPL v2
srcversion:     BC9F69F2B2C9A78145065AB
alias:          acpi*:APP000D:*
depends:        
intree:         Y
name:           applespi
retpoline:      Y
vermagic:       7.2.5-4-omarchy SMP preempt mod_unload 
sig_id:         PKCS#7
signer:         Build time autogenerated kernel key
sig_key:        22:DA:09:D0:CA:07:AA:9C:1E:56:7E:97:01:54:EB:AE:B3:9D:64:85
sig_hashalgo:   sha512
signature:      30:65:02:31:00:EB:6E:06:0D:AC:3C:F8:35:4F:51:73:41:3F:D4:26:
		59:3C:B1:BD:CF:EA:8C:5C:67:B4:49:18:8F:21:6C:10:1A:55:6F:4C:
		85:81:FC:9A:17:08:DB:5C:79:FC:BE:F0:3F:02:30:73:B8:40:82:DE:
		5D:4E:D2:2F:01:3F:04:E8:CB:F5:7A:1C:E4:77:15:D6:B6:39:35:1D:
		F4:02:61:34:F8:05:CE:58:56:82:74:AD:AD:01:71:6D:1C:43:94:97:
		5C:D4:D4
parm:           fnmode:Mode of Fn key on Apple keyboards (0 = disabled, [1] = fkeyslast, 2 = fkeysfirst) (uint)
parm:           fnremap:Remap Fn key ([0] = no-remap; 1 = left-ctrl, 2 = left-shift, 3 = left-alt, 4 = left-meta, 6 = right-shift, 7 = right-alt, 8 = right-meta) (uint)
parm:           iso_layout:Enable/Disable hardcoded ISO-layout of the keyboard. ([0] = disabled, 1 = enabled) (bool)
parm:           touchpad_dimensions:The pixel dimensions of the touchpad, as XxY+W+H . (string)
Force SPI PIO on MacBook8,1 so the built-in keyboard works
Building UKI for linux-omarchy (7.2.5-4-omarchy)
==> Using drop-in configuration file: 'macbook_spi_modules.conf'
==> Using drop-in configuration file: 'omarchy_hooks.conf'
==> Using drop-in configuration file: 'omarchy_resume.conf'
==> Using drop-in configuration file: 'thunderbolt_module.conf'
==> Starting build: '7.2.5-4-omarchy'
  -> Running build hook: [base]
  -> Running build hook: [udev]
  -> Running build hook: [plymouth]
  -> Running build hook: [keyboard]
==> WARNING: Possibly missing firmware for module: 'xhci_pci_renesas'
  -> Running build hook: [autodetect]
  -> Running build hook: [microcode]
  -> Running build hook: [modconf]
  -> Running build hook: [kms]
  -> Running build hook: [keymap]
  -> Running build hook: [consolefont]
  -> Running build hook: [block]
  -> Running build hook: [encrypt]
==> WARNING: Possibly missing firmware for module: 'qat_6xxx'
  -> Running build hook: [filesystems]
  -> Running build hook: [fsck]
  -> Running build hook: [btrfs-overlayfs]
  -> Running build hook: [resume]
==> Generating module dependencies
==> Creating zstd-compressed initcpio image
  -> Early uncompressed CPIO image generation successful
==> Initcpio image generation successful
==> Creating unified kernel image: '/tmp/limine-mkinitcpio.K5X0Zp/linux-omarchy.efi'
==> Unified kernel image generation successful
Copied: /tmp/limine-mkinitcpio.K5X0Zp/linux-omarchy.efi -> /boot/EFI/Linux/omarchy_linux-omarchy.efi
Updated: /boot/limine.conf
Force SPI PIO on MacBook8,1 so the built-in keyboard works
